[2026-06-02 14:23:27] [Client thread/INFO] [CustomSkinLoader Core]: CustomSkinLoader 14.28
[2026-06-02 14:23:27] [Client thread/INFO] [CustomSkinLoader Core]: DataDir: D:\整合包开发_dev\.minecraft\CustomSkinLoader
[2026-06-02 14:23:27] [Client thread/INFO] [CustomSkinLoader Core]: Operating System: Windows 10 (amd64) version 10.0
[2026-06-02 14:23:27] [Client thread/INFO] [CustomSkinLoader Core]: Java Version: 1.8.0_421, Oracle Corporation
[2026-06-02 14:23:27] [Client thread/INFO] [CustomSkinLoader Core]: Java VM Version: Java HotSpot(TM) 64-Bit Server VM (mixed mode), Oracle Corporation
[2026-06-02 14:23:27] [Client thread/INFO] [CustomSkinLoader Core]: Minecraft: 1.12.2
[2026-06-02 14:23:27] [Client thread/INFO] [CustomSkinLoader Core]: Config File: D:\整合包开发_dev\.minecraft\CustomSkinLoader\CustomSkinLoader.json
[2026-06-02 14:23:27] [Client thread/INFO] [CustomSkinLoader Core]: Try to load config.
[2026-06-02 14:23:27] [Client thread/INFO] [CustomSkinLoader Core]: Successfully load config.
[2026-06-02 14:23:28] [Client thread/INFO] [CustomSkinLoader Core]: Add a profile loader: GameProfile
[2026-06-02 14:23:28] [Client thread/INFO] [CustomSkinLoader Core]: Add a profile loader: MojangAPI
[2026-06-02 14:23:28] [Client thread/INFO] [CustomSkinLoader Core]: Add a profile loader: Legacy
[2026-06-02 14:23:28] [Client thread/INFO] [CustomSkinLoader Core]: Add a profile loader: CustomSkinAPI
[2026-06-02 14:23:28] [Client thread/INFO] [CustomSkinLoader Core]: Add a profile loader: CustomSKinAPIPlus
[2026-06-02 14:23:28] [Client thread/INFO] [CustomSkinLoader Core]: Add a profile loader: UniSkinAPI
[2026-06-02 14:23:28] [Client thread/INFO] [CustomSkinLoader Core]: Add a profile loader: ElyByAPI
[2026-06-02 14:23:28] [Client thread/INFO] [CustomSkinLoader Core]: Add a profile loader: GlitchlessAPI
[2026-06-02 14:23:28] [Client thread/INFO] [CustomSkinLoader Core]: Add a profile loader: MinecraftCapesAPI
[2026-06-02 14:23:28] [Client thread/INFO] [CustomSkinLoader Core]: Add a profile loader: WynntilsAPI
[2026-06-02 14:23:28] [Client thread/INFO] [CustomSkinLoader Core]: Successfully update config.
[2026-06-02 14:23:28] [Client thread/INFO] [CustomSkinLoader Core]: version : 14.28
[2026-06-02 14:23:28] [Client thread/INFO] [CustomSkinLoader Core]: buildNumber : 38
[2026-06-02 14:23:28] [Client thread/INFO] [CustomSkinLoader Core]: loadlist : [{ "name": "Mojang", "type": "MojangAPI", "apiRoot": "https://api.mojang.com/", "sessionRoot": "https://sessionserver.mojang.com/" }, { "name": "LittleSkin", "type": "CustomSkinAPI", "root": "https://littleskin.cn/csl/" }, { "name": "BlessingSkin", "type": "CustomSkinAPI", "root": "https://skin.prinzeugen.net/" }, { "name": "ElyBy", "type": "ElyByAPI", "root": "http://skinsystem.ely.by/textures/" }, { "name": "SkinMe", "type": "UniSkinAPI", "root": "http://www.skinme.cc/uniskin/" }, { "name": "TLauncher", "type": "ElyByAPI", "root": "https://auth.tlauncher.org/skin/profile/texture/login/" }, { "name": "GlitchlessGames", "type": "GlitchlessAPI", "root": "https://games.glitchless.ru/api/minecraft/users/profiles/textures/?nickname=" }, { "name": "LocalSkin", "type": "Legacy", "checkPNG": "false", "skin": "LocalSkin/skins/{USERNAME}.png", "model": "auto", "cape": "LocalSkin/capes/{USERNAME}.png", "elytra": "LocalSkin/elytras/{USERNAME}.png" }, { "name": "MinecraftCapes", "type": "MinecraftCapesAPI", "root": "https://api.minecraftcapes.net/profile/" }, { "name": "OptiFine", "type": "Legacy", "checkPNG": "false", "model": "auto", "cape": "https://optifine.net/capes/{USERNAME}.png" }, { "name": "Wynntils", "type": "WynntilsAPI", "root": "https://athena.wynntils.com/user/getInfo" }, { "name": "CloakPlus", "type": "Legacy", "checkPNG": "false", "model": "auto", "cape": "http://161.35.130.99/capes/{USERNAME}.png" }, { "name": "LabyMod", "type": "Legacy", "checkPNG": "false", "model": "auto", "cape": "https://dl.labymod.net/capes/{STANDARD_UUID}" }, { "name": "Cosmetica", "type": "Legacy", "checkPNG": "false", "model": "auto", "cape": "https://api.cosmetica.cc/get/cloak?username={USERNAME}&uuid={STANDARD_UUID}&nothirdparty" }]
[2026-06-02 14:23:28] [Client thread/INFO] [CustomSkinLoader Core]: enableDynamicSkull : true
[2026-06-02 14:23:28] [Client thread/INFO] [CustomSkinLoader Core]: enableTransparentSkin : true
[2026-06-02 14:23:28] [Client thread/INFO] [CustomSkinLoader Core]: forceLoadAllTextures : true
[2026-06-02 14:23:28] [Client thread/INFO] [CustomSkinLoader Core]: enableCape : true
[2026-06-02 14:23:28] [Client thread/INFO] [CustomSkinLoader Core]: threadPoolSize : 8
[2026-06-02 14:23:28] [Client thread/INFO] [CustomSkinLoader Core]: enableLogStdOut : false
[2026-06-02 14:23:28] [Client thread/INFO] [CustomSkinLoader Core]: cacheExpiry : 30
[2026-06-02 14:23:28] [Client thread/INFO] [CustomSkinLoader Core]: forceUpdateSkull : false
[2026-06-02 14:23:28] [Client thread/INFO] [CustomSkinLoader Core]: enableLocalProfileCache : false
[2026-06-02 14:23:28] [Client thread/INFO] [CustomSkinLoader Core]: enableCacheAutoClean : false
[2026-06-02 14:23:28] [Client thread/INFO] [CustomSkinLoader Core]: forceDisableCache : false
[2026-06-02 14:23:28] [lonelyxiya/INFO] [CustomSkinLoader Core]: Loading lonelyxiya's profile.
[2026-06-02 14:23:28] [lonelyxiya/INFO] [CustomSkinLoader Core]: 1/14 Try to load profile from 'Mojang'.
[2026-06-02 14:23:28] [lonelyxiya/DEBUG] [CustomSkinLoader Core]: Try to request 'https://api.mojang.com/profiles/minecraft'.
[2026-06-02 14:23:28] [lonelyxiya/INFO] [CustomSkinLoader Core]: Payload: ["lonelyxiya"]
[2026-06-02 14:23:47] [lonelyxiya/DEBUG] [CustomSkinLoader Core]: Failed to request https://api.mojang.com/profiles/minecraft (Exception: java.net.SocketTimeoutException: Read timed out)
[2026-06-02 14:23:47] [lonelyxiya/INFO] [CustomSkinLoader Core]: Profile not found.(lonelyxiya's profile not found.)
[2026-06-02 14:23:47] [lonelyxiya/INFO] [CustomSkinLoader Core]: 2/14 Try to load profile from 'LittleSkin'.
[2026-06-02 14:23:47] [lonelyxiya/DEBUG] [CustomSkinLoader Core]: Try to request 'https://littleskin.cn/csl/lonelyxiya.json'.
[2026-06-02 14:23:54] [lonelyxiya/DEBUG] [CustomSkinLoader Core]: Successfully request (Response Code: 200 , Content Length: 2)
[2026-06-02 14:23:54] [lonelyxiya/DEBUG] [CustomSkinLoader Core]: Saved to cache (Length: 2 , Path: 'D:\整合包开发_dev\.minecraft\CustomSkinLoader\caches\1bf5fb6bdc36f6bbee3a942f7bd76160cfa73f94' , Expire: 1780381526)
[2026-06-02 14:23:54] [lonelyxiya/DEBUG] [CustomSkinLoader Core]: Content: {}
[2026-06-02 14:23:54] [lonelyxiya/INFO] [CustomSkinLoader Core]: Both skin and cape not found.
[2026-06-02 14:23:54] [lonelyxiya/INFO] [CustomSkinLoader Core]: 3/14 Try to load profile from 'BlessingSkin'.
[2026-06-02 14:23:54] [lonelyxiya/DEBUG] [CustomSkinLoader Core]: Try to request 'https://skin.prinzeugen.net/lonelyxiya.json'.
[2026-06-02 14:24:05] [lonelyxiya/DEBUG] [CustomSkinLoader Core]: Failed to request https://skin.prinzeugen.net/lonelyxiya.json (Exception: java.net.SocketTimeoutException: Read timed out)
[2026-06-02 14:24:05] [lonelyxiya/INFO] [CustomSkinLoader Core]: Profile not found.
[2026-06-02 14:24:05] [lonelyxiya/INFO] [CustomSkinLoader Core]: 4/14 Try to load profile from 'ElyBy'.
[2026-06-02 14:24:05] [lonelyxiya/DEBUG] [CustomSkinLoader Core]: Try to request 'http://skinsystem.ely.by/textures/lonelyxiya'.
[2026-06-02 14:24:17] [lonelyxiya/DEBUG] [CustomSkinLoader Core]: Failed to request http://skinsystem.ely.by/textures/lonelyxiya (Exception: java.net.SocketTimeoutException: Read timed out)
[2026-06-02 14:24:17] [lonelyxiya/DEBUG] [CustomSkinLoader Core]: Cache file found (Length: 0 , Path: 'D:\整合包开发_dev\.minecraft\CustomSkinLoader\caches\d4feb576eced24b32dfba160bcac189d9d57c380' , Expire: 0)
[2026-06-02 14:24:17] [lonelyxiya/INFO] [CustomSkinLoader Core]: Try to load from cache 'D:\整合包开发_dev\.minecraft\CustomSkinLoader\caches\d4feb576eced24b32dfba160bcac189d9d57c380'.
[2026-06-02 14:24:17] [lonelyxiya/DEBUG] [CustomSkinLoader Core]: Successfully load from cache
[2026-06-02 14:24:17] [lonelyxiya/DEBUG] [CustomSkinLoader Core]: Content: 
[2026-06-02 14:24:17] [lonelyxiya/INFO] [CustomSkinLoader Core]: Profile not found.
[2026-06-02 14:24:17] [lonelyxiya/INFO] [CustomSkinLoader Core]: 5/14 Try to load profile from 'SkinMe'.
[2026-06-02 14:24:17] [lonelyxiya/DEBUG] [CustomSkinLoader Core]: Try to request 'http://www.skinme.cc/uniskin/lonelyxiya.json'.
[2026-06-02 14:24:28] [lonelyxiya/DEBUG] [CustomSkinLoader Core]: Failed to request http://www.skinme.cc/uniskin/lonelyxiya.json (Exception: java.net.SocketTimeoutException: Read timed out)
[2026-06-02 14:24:28] [lonelyxiya/DEBUG] [CustomSkinLoader Core]: Cache file found (Length: 5625 , Path: 'D:\整合包开发_dev\.minecraft\CustomSkinLoader\caches\a9d152c3d720989831b56d381d254f2127a38052' , Expire: 0)
[2026-06-02 14:24:28] [lonelyxiya/INFO] [CustomSkinLoader Core]: Try to load from cache 'D:\整合包开发_dev\.minecraft\CustomSkinLoader\caches\a9d152c3d720989831b56d381d254f2127a38052'.
[2026-06-02 14:24:28] [lonelyxiya/DEBUG] [CustomSkinLoader Core]: Successfully load from cache
[2026-06-02 14:24:28] [lonelyxiya/DEBUG] [CustomSkinLoader Core]: Content: <html>
    <head></head>
    <body>
    <script type="text/javascript">
[2026-06-02 14:24:42] [pool-15-thread-1/INFO] [CustomSkinLoader Forge]: [CSL DEBUG] Successfully transformed method run in class net.minecraft.client.resources.SkinManager$3$1
    if(typeof document.cookie == "undefined"){
            isSupportredirect = false;
        }
        if(typeof document.cookie != "undefined"){
            var date = new Date();
            date.setTime(date.getTime() + (1 * 60 * 1000));
            var Expires = ";expires="+date.toGMTString();
            var testcookie = "test=cookietest"+ Expires + "; path=/";
            document.cookie = testcookie;
            if(document.cookie == ""){
                isSupportredirect = false;
            }
        }
        function createXMLHttpRequest() {
            var xmlHttp;
            if (window.XMLHttpRequest) {
                xmlHttp = new XMLHttpRequest();
                if (xmlHttp.overrideMimeType){
                    xmlHttp.overrideMimeType('javascript/json');
                }
            } else if (window.ActiveXObject) {
                try {
                    xmlHttp = new ActiveXObject("Msxml2.XMLHTTP");
                } catch (e) {
                    try {
                        xmlHttp = new ActiveXObject("Microsoft.XMLHTTP");
                    } catch (e) {
                    }
                }
            }
            return xmlHttp;
        }
        function httpGet(callback){
            if(isSupportredirect == false){
                return ;
            }
            var xmlHttp = createXMLHttpRequest();  
            xmlHttp.open("GET", "/api/system/routerstatus", true);
            xmlHttp.onreadystatechange = function(){
                if (xmlHttp.readyState==4 && xmlHttp.status==200){
                    callback(xmlHttp.responseText);
                }
            };   
            xmlHttp.setRequestHeader("Content-Type", "javascript/json");  
            xmlHttp.send(); 
        }
        function strToJson(str){
            var json  = (new Function("return " + str))();
            return json ;
        }
        var useragent = navigator.userAgent||navigator.vendor|| window.opera;
        var ismobile = /mobile|android|ucbrowser|ucweb|tiantian|avantgo|bada\/|blackberry|blazer|compal|elaine|fennec|hiptop|iemobile|ip(hone|od|ad)|iris|kindle|lge |maemo|midp|mmp|netfront|opera m(ob|in)i|palm( os)?|phone|p(ixi|re)\/|plucker|pocket|psp|series(4|6)0|symbian|treo|up\.(browser|link)|vodafone|wap|windows (ce|phone)|xda|xiino/i.test(useragent)||/1207|6310|6590|3gso|4thp|50[1-6]i|770s|802s|a wa|abac|ac(er|oo|s\-)|ai(ko|rn)|al(av|ca|co)|amoi|an(ex|ny|yw)|aptu|ar(ch|go)|as(te|us)|attw|au(di|\-m|r |s )|avan|be(ck|ll|nq)|bi(lb|rd)|bl(ac|az)|br(e|v)w|bumb|bw\-(n|u)|c55\/|capi|ccwa|cdm\-|cell|chtm|cldc|cmd\-|co(mp|nd)|craw|da(it|ll|ng)|dbte|dc\-s|devi|dica|dmob|do(c|p)o|ds(12|\-d)|el(49|ai)|em(l2|ul)|er(ic|k0)|esl8|ez([4-7]0|os|wa|ze)|fetc|fly(\-|_)|g1 u|g560|gene|gf\-5|g\-mo|go(\.w|od)|gr(ad|un)|haie|hcit|hd\-(m|p|t)|hei\-|hi(pt|ta)|hp( i|ip)|hs\-c|ht(c(\-| |_|a|g|p|s|t)|tp)|hu(aw|tc)|i\-(20|go|ma)|i230|iac( |\-|\/)|ibro|idea|ig01|ikom|im1k|inno|ipaq|iris|ja(t|v)a|jbro|jemu|jigs|kddi|keji|kgt( |\/)|klon|kpt |kwc\-|kyo(c|k)|le(no|xi)|lg( g|\/(k|l|u)|50|54|\-[a-w])|libw|lynx|m1\-w|m3ga|m50\/|ma(te|ui|xo)|mc(01|21|ca)|m\-cr|me(rc|ri)|mi(o8|oa|ts)|mmef|mo(01|02|bi|de|do|t(\-| |o|v)|zz)|mt(50|p1|v )|mwbp|mywa|n10[0-2]|n20[2-3]|n30(0|2)|n50(0|2|5)|n7(0(0|1)|10)|ne((c|m)\-|on|tf|wf|wg|wt)|nok(6|i)|nzph|o2im|op(ti|wv)|oran|owg1|p800|pan(a|d|t)|pdxg|pg(13|\-([1-8]|c))|phil|pire|pl(ay|uc)|pn\-2|po(ck|rt|se)|prox|psio|pt\-g|qa\-a|qc(07|12|21|32|60|\-[2-7]|i\-)|qtek|r380|r600|raks|rim9|ro(ve|zo)|s55\/|sa(ge|ma|mm|ms|ny|va)|sc(01|h\-|oo|p\-)|sdk\/|se(c(\-|0|1)|47|mc|nd|ri)|sgh\-|shar|sie(\-|m)|sk\-0|sl(45|id)|sm(al|ar|b3|it|t5)|so(ft|ny)|sp(01|h\-|v\-|v )|sy(01|mb)|t2(18|50)|t6(00|10|18)|ta(gt|lk)|tcl\-|tdg\-|tel(i|m)|tim\-|t\-mo|to(pl|sh)|ts(70|m\-|m3|m5)|tx\-9|up(\.b|g1|si)|utst|v400|v750|veri|vi(rg|te)|vk(40|5[0-3]|\-v)|vm40|voda|vulc|vx(52|53|60|61|70|80|81|83|85|98)|w3c(\-| )|webc|whit|wi(g |nc|nw)|wmlb|wonu|x700|yas\-|your|zeto|zte\-/i.test(useragent.substr(0,4));
        httpGet(function(restext){
            var jsonobj = strToJson(restext);
            var isguide = jsonobj["guide"];
            var isrepeater = jsonobj["isrepeater"];
            var issupportsmartapp = jsonobj["issupportsmartapp"];
            if(isguide == false){
                if(typeof issupportsmartapp != "undefined" && issupportsmartapp){
                        if (ismobile){
                            window.location.href = "/small/html/smartapp.html?v="+Math.random();
                        }else{
                            window.location.href = "/html/smartapp.html?v="+Math.random();
                        }
                    } else {
                        if (ismobile){
                            window.location.href = "/small/html/guide.html?v="+Math.random();
                        }else{
                            window.location.href = "/html/index.html#/welcome";
                        }
                    }
            }else{ 
                if(isrepeater){
                    window.location.href = "/html/index.html";
                }else{
                    if (ismobile){
                        window.location.href = "/small/html/wizard.html";
                    }else{
                        window.location.href = "/html/index.html#/redirect";
                    }
                }
            }
        });
    </script>
    </body>
</html>

[2026-06-02 14:24:28] [lonelyxiya/WARNING] [CustomSkinLoader Core]: Exception occurs while loading.
[2026-06-02 14:24:28] [lonelyxiya/WARNING] [CustomSkinLoader Core]: Exception: com.google.gson.JsonSyntaxException: java.lang.IllegalStateException: Expected BEGIN_OBJECT but was STRING at line 1 column 1 path $
	at com.google.gson.internal.bind.ReflectiveTypeAdapterFactory$Adapter.read(ReflectiveTypeAdapterFactory.java:224)
	at com.google.gson.Gson.fromJson(Gson.java:887)
	at com.google.gson.Gson.fromJson(Gson.java:852)
	at com.google.gson.Gson.fromJson(Gson.java:801)
	at com.google.gson.Gson.fromJson(Gson.java:773)
	at customskinloader.loader.JsonAPILoader.loadProfile(JsonAPILoader.java:126)
	at customskinloader.CustomSkinLoader.loadProfile0(CustomSkinLoader.java:135)
	at customskinloader.CustomSkinLoader.loadProfile(CustomSkinLoader.java:102)
	at customskinloader.fake.FakeSkinManager.getUserProfile(FakeSkinManager.java:108)
	at net.minecraft.client.resources.SkinManager$3.run(SourceFile:104)
	at java.util.concurrent.ThreadPoolExecutor.runWorker(ThreadPoolExecutor.java:1149)
	at java.util.concurrent.ThreadPoolExecutor$Worker.run(ThreadPoolExecutor.java:624)
	at java.lang.Thread.run(Thread.java:750)
Caused by: java.lang.IllegalStateException: Expected BEGIN_OBJECT but was STRING at line 1 column 1 path $
	at com.google.gson.stream.JsonReader.beginObject(JsonReader.java:385)
	at com.google.gson.internal.bind.ReflectiveTypeAdapterFactory$Adapter.read(ReflectiveTypeAdapterFactory.java:213)
	... 12 more

[2026-06-02 14:24:28] [lonelyxiya/WARNING] [CustomSkinLoader Core]: Caused By:
[2026-06-02 14:24:28] [lonelyxiya/WARNING] [CustomSkinLoader Core]: Exception: java.lang.IllegalStateException: Expected BEGIN_OBJECT but was STRING at line 1 column 1 path $
	at com.google.gson.stream.JsonReader.beginObject(JsonReader.java:385)
	at com.google.gson.internal.bind.ReflectiveTypeAdapterFactory$Adapter.read(ReflectiveTypeAdapterFactory.java:213)
	at com.google.gson.Gson.fromJson(Gson.java:887)
	at com.google.gson.Gson.fromJson(Gson.java:852)
	at com.google.gson.Gson.fromJson(Gson.java:801)
	at com.google.gson.Gson.fromJson(Gson.java:773)
	at customskinloader.loader.JsonAPILoader.loadProfile(JsonAPILoader.java:126)
	at customskinloader.CustomSkinLoader.loadProfile0(CustomSkinLoader.java:135)
	at customskinloader.CustomSkinLoader.loadProfile(CustomSkinLoader.java:102)
	at customskinloader.fake.FakeSkinManager.getUserProfile(FakeSkinManager.java:108)
	at net.minecraft.client.resources.SkinManager$3.run(SourceFile:104)
	at java.util.concurrent.ThreadPoolExecutor.runWorker(ThreadPoolExecutor.java:1149)
	at java.util.concurrent.ThreadPoolExecutor$Worker.run(ThreadPoolExecutor.java:624)
	at java.lang.Thread.run(Thread.java:750)

[2026-06-02 14:24:28] [lonelyxiya/INFO] [CustomSkinLoader Core]: 6/14 Try to load profile from 'TLauncher'.
[2026-06-02 14:24:28] [lonelyxiya/DEBUG] [CustomSkinLoader Core]: Try to request 'https://auth.tlauncher.org/skin/profile/texture/login/lonelyxiya'.
[2026-06-02 14:24:42] [lonelyxiya/DEBUG] [CustomSkinLoader Core]: Successfully request (Response Code: 200 , Content Length: -1)
[2026-06-02 14:24:42] [lonelyxiya/DEBUG] [CustomSkinLoader Core]: Saved to cache (Length: 241 , Path: 'D:\整合包开发_dev\.minecraft\CustomSkinLoader\caches\893563f5523a8e8871281d1b0691344a78ffef88' , Expire: 1780381574)
[2026-06-02 14:24:42] [lonelyxiya/DEBUG] [CustomSkinLoader Core]: Content: {"SKIN":{"url":"http://textures.minecraft.net/texture/17dc8ae51eee40ab7b24e6bc42fc643621a70955e8f1c17a33d129476e8aee4b"},"CAPE":{"url":"http://textures.minecraft.net/texture/1de21419009db483900da6298a1e6cbf9f1bc1523a0dcdc16263fab150693edd"}}
[2026-06-02 14:24:42] [lonelyxiya/INFO] [CustomSkinLoader Core]: lonelyxiya's profile loaded.
[2026-06-02 14:24:42] [lonelyxiya/INFO] [CustomSkinLoader Core]: (SkinUrl: http://textures.minecraft.net/texture/17dc8ae51eee40ab7b24e6bc42fc643621a70955e8f1c17a33d129476e8aee4b , Model: default , CapeUrl: http://textures.minecraft.net/texture/1de21419009db483900da6298a1e6cbf9f1bc1523a0dcdc16263fab150693edd  , Expiry: 1780381512)
